// Jest Snapshot v1, https://goo.gl/fbAQLP

exports[`<Loading /> renders the <Loading /> 1`] = `
<div
  class="loading__Spinner-vhx2n3-0 ehNabN"
  data-testid="loading"
>
  <img
    class="loading__Picture-vhx2n3-1 jtTVkE"
    data-testid="loading-picture"
    src="/images/users//images/karl.png.png"
  />
</div>
`;

exports[`<Loading /> renders the <Loading.ReleaseBody /> 1`] = `null`;
